Microsoft (R) Macro Assembler Version 14.16.27027.1	    02/22/19 12:25:39
Nonni2.asm						     Page 1 - 1


				; Student: Bryan Nonni
				; Class: CSC3210
				; Assignment#: 3-2
				; Description: This program executes adds 10 to eac, 8 to edx, 5 to ax and 3, to al registers.
				; Result: AX = 40d (28h)

				.386
				.model flat,stdcall
				.stack 4096
				ExitProcess proto,dwExitCode:dword

 00000000			.code
 00000000			main proc

 00000000  83 C0 0A			add eax,10	;add 10 to eax
 00000003  83 C2 08			add edx,8	;add 8 to edx
 00000006  66| 83 C0 05			add ax,5	;add 5 to ax
 0000000A  04 03			add al,3	;add 3 to al
					invoke ExitProcess,0
 0000000C  6A 00	   *	    push   +000000000h
 0000000E  E8 00000000 E   *	    call   ExitProcess

 00000013			main endp
				end main
Microsoft (R) Macro Assembler Version 14.16.27027.1	    02/22/19 12:25:39
Nonni2.asm						     Symbols 2 - 1




Segments and Groups:

                N a m e                 Size     Length   Align   Combine Class

FLAT . . . . . . . . . . . . . .	GROUP
STACK  . . . . . . . . . . . . .	32 Bit	 00001000 DWord	  Stack	  'STACK'	 
_DATA  . . . . . . . . . . . . .	32 Bit	 00000000 DWord	  Public  'DATA'	
_TEXT  . . . . . . . . . . . . .	32 Bit	 00000013 DWord	  Public  'CODE'	


Procedures, parameters, and locals:

                N a m e                 Type     Value    Attr

ExitProcess  . . . . . . . . . .	P Near	 00000000 FLAT	Length= 00000000 External STDCALL
main . . . . . . . . . . . . . .	P Near	 00000000 _TEXT	Length= 00000013 Public STDCALL


Symbols:

                N a m e                 Type     Value    Attr

@CodeSize  . . . . . . . . . . .	Number	 00000000h   
@DataSize  . . . . . . . . . . .	Number	 00000000h   
@Interface . . . . . . . . . . .	Number	 00000003h   
@Model . . . . . . . . . . . . .	Number	 00000007h   
@code  . . . . . . . . . . . . .	Text   	 _TEXT
@data  . . . . . . . . . . . . .	Text   	 FLAT
@fardata?  . . . . . . . . . . .	Text   	 FLAT
@fardata . . . . . . . . . . . .	Text   	 FLAT
@stack . . . . . . . . . . . . .	Text   	 FLAT

	   0 Warnings
	   0 Errors
