Microsoft (R) Macro Assembler Version 14.16.27027.1	    04/05/19 16:33:16
Nonni2.asm						     Page 1 - 1


				; Student: Bryan Nonni
				; Class: CSC3210
				; Assignment#: 5-2
				; Description: Implement the following expression in assembly language:
				; for (i = 5; i > 0; i--)
				; {
				; for(j = 3; j > 0; j--)
				; {
				; y = i + j ;
				; }
				; }
				; Assume i and j are 32-bit registers and y is a list
				  
				.386
				.model flat,stdcall
				.stack 4096
				ExitProcess proto,dwExitCode:dword

 00000000			.data 
 00000000 00000000			y DWORD 0,0,0,0,0,0,0,0,0,0,0,0,0,0,0
	   00000000
	   00000000
	   00000000
	   00000000
	   00000000
	   00000000
	   00000000
	   00000000
	   00000000
	   00000000
	   00000000
	   00000000
	   00000000
	   00000000
 0000003C 00000000			count DWORD 0
 00000000			.code
 00000000			main proc

 00000000  B9 00000000		mov ecx, 0
 00000005  B8 00000000		mov eax, 0
 0000000A  B9 00000005		mov ecx, 5
 0000000F  89 0D 0000003C R	mov count, ecx ; count = i = 5
 00000015  BE 00000000 R	mov esi, OFFSET y
 0000001A  B9 00000003		mov ecx, 3 ; ecx = 3, new counter

 0000001F			L1:
 0000001F  83 3D 0000003C R		cmp count, 0
	   00
 00000026  74 1F			je L4
 00000028			L2:
 00000028  03 05 0000003C R		add eax, count
 0000002E  03 C1			add eax, ecx
 00000030  89 06			mov [esi], eax
 00000032  46				inc esi
 00000033  B8 00000000			mov eax, 0
 00000038  E2 EE			loop L2
 0000003A			L3:
 0000003A  B9 00000003			mov ecx, 3
 0000003F  FF 0D 0000003C R		dec count
 00000045  E2 D8			loop L1
 00000047			L4:
					invoke ExitProcess,0
 00000047  6A 00	   *	    push   +000000000h
 00000049  E8 00000000 E   *	    call   ExitProcess

 0000004E			main endp
				end main
Microsoft (R) Macro Assembler Version 14.16.27027.1	    04/05/19 16:33:16
Nonni2.asm						     Symbols 2 - 1




Segments and Groups:

                N a m e                 Size     Length   Align   Combine Class

FLAT . . . . . . . . . . . . . .	GROUP
STACK  . . . . . . . . . . . . .	32 Bit	 00001000 DWord	  Stack	  'STACK'	 
_DATA  . . . . . . . . . . . . .	32 Bit	 00000040 DWord	  Public  'DATA'	
_TEXT  . . . . . . . . . . . . .	32 Bit	 0000004E DWord	  Public  'CODE'	


Procedures, parameters, and locals:

                N a m e                 Type     Value    Attr

ExitProcess  . . . . . . . . . .	P Near	 00000000 FLAT	Length= 00000000 External STDCALL
main . . . . . . . . . . . . . .	P Near	 00000000 _TEXT	Length= 0000004E Public STDCALL
  L1 . . . . . . . . . . . . . .	L Near	 0000001F _TEXT	
  L2 . . . . . . . . . . . . . .	L Near	 00000028 _TEXT	
  L3 . . . . . . . . . . . . . .	L Near	 0000003A _TEXT	
  L4 . . . . . . . . . . . . . .	L Near	 00000047 _TEXT	


Symbols:

                N a m e                 Type     Value    Attr

@CodeSize  . . . . . . . . . . .	Number	 00000000h   
@DataSize  . . . . . . . . . . .	Number	 00000000h   
@Interface . . . . . . . . . . .	Number	 00000003h   
@Model . . . . . . . . . . . . .	Number	 00000007h   
@code  . . . . . . . . . . . . .	Text   	 _TEXT
@data  . . . . . . . . . . . . .	Text   	 FLAT
@fardata?  . . . . . . . . . . .	Text   	 FLAT
@fardata . . . . . . . . . . . .	Text   	 FLAT
@stack . . . . . . . . . . . . .	Text   	 FLAT
count  . . . . . . . . . . . . .	DWord	 0000003C _DATA	
y  . . . . . . . . . . . . . . .	DWord	 00000000 _DATA	

	   0 Warnings
	   0 Errors
