Microsoft (R) Macro Assembler Version 14.16.27027.1	    02/20/19 20:40:53
DollarSign.asm						     Page 1 - 1


				; Using the $ operator
				; Lab 6 Part 2 - $

				.386
				.model flat,stdcall
				.stack 4096
				ExitProcess proto,dwExitCode:dword

 00000000			.data
 00000000 00000087		myString DWORD 87h
 00000004 = 00000004		myString_length = ($ - myString)

 00000000			.code
 00000000			main proc

 00000000  B0 04			mov al, myString_length
 00000002  B8 00000000			mov eax,0
 00000007  BB 00000002			mov ebx,2
 0000000C  83 C3 09			add ebx,9
 0000000F  B0 04			mov al, myString_length
 00000011  B9 0000000B			mov ecx,11
 00000016  83 C1 05			add ecx,5
 00000019  8B CB			mov ecx,ebx

					invoke ExitProcess,0
 0000001B  6A 00	   *	    push   +000000000h
 0000001D  E8 00000000 E   *	    call   ExitProcess
 00000022			main endp
				end main
Microsoft (R) Macro Assembler Version 14.16.27027.1	    02/20/19 20:40:53
DollarSign.asm						     Symbols 2 - 1




Segments and Groups:

                N a m e                 Size     Length   Align   Combine Class

FLAT . . . . . . . . . . . . . .	GROUP
STACK  . . . . . . . . . . . . .	32 Bit	 00001000 DWord	  Stack	  'STACK'	 
_DATA  . . . . . . . . . . . . .	32 Bit	 00000004 DWord	  Public  'DATA'	
_TEXT  . . . . . . . . . . . . .	32 Bit	 00000022 DWord	  Public  'CODE'	


Procedures, parameters, and locals:

                N a m e                 Type     Value    Attr

ExitProcess  . . . . . . . . . .	P Near	 00000000 FLAT	Length= 00000000 External STDCALL
main . . . . . . . . . . . . . .	P Near	 00000000 _TEXT	Length= 00000022 Public STDCALL


Symbols:

                N a m e                 Type     Value    Attr

@CodeSize  . . . . . . . . . . .	Number	 00000000h   
@DataSize  . . . . . . . . . . .	Number	 00000000h   
@Interface . . . . . . . . . . .	Number	 00000003h   
@Model . . . . . . . . . . . . .	Number	 00000007h   
@code  . . . . . . . . . . . . .	Text   	 _TEXT
@data  . . . . . . . . . . . . .	Text   	 FLAT
@fardata?  . . . . . . . . . . .	Text   	 FLAT
@fardata . . . . . . . . . . . .	Text   	 FLAT
@stack . . . . . . . . . . . . .	Text   	 FLAT
myString_length  . . . . . . . .	Number	 00000004h   
myString . . . . . . . . . . . .	DWord	 00000000 _DATA	

	   0 Warnings
	   0 Errors
