Microsoft (R) Macro Assembler Version 14.16.27027.1	    03/14/19 13:49:02
Sandbox.asm						     Page 1 - 1


				; Bryan's ASM Sandbox
				;OV: Overflow
				;UP: Direction
				;EI: Interrupt
				;PL: Sign
				;ZR: Zero
				;AC: Auxiliary carry
				;PE: Parity
				;CY: Carry

				.386
				.model flat,stdcall
				.stack 4096
				ExitProcess proto,dwExitCode:dword

 00000000			.data
 00000000 30 40 50 F6		byteVal SBYTE 30h, 40h, 50h, 0F6h
 00000004 1000 2000 3000	wordVal WORD 1000h, 2000h, 3000h, 4000h
	   4000
 0000000C 88884444		dwordVal DWORD 88884444h, 90785634h, 00000005h, 12345678h
	   90785634
	   00000005
	   12345678

 00000000			.code
 00000000			main proc
 00000000  BE 0000000C R	mov esi, OFFSET dwordVal
 00000005  8A 46 06		mov al, [esi+6]
					invoke ExitProcess,0
 00000008  6A 00	   *	    push   +000000000h
 0000000A  E8 00000000 E   *	    call   ExitProcess
 0000000F			main endp
				end main
Microsoft (R) Macro Assembler Version 14.16.27027.1	    03/14/19 13:49:02
Sandbox.asm						     Symbols 2 - 1




Segments and Groups:

                N a m e                 Size     Length   Align   Combine Class

FLAT . . . . . . . . . . . . . .	GROUP
STACK  . . . . . . . . . . . . .	32 Bit	 00001000 DWord	  Stack	  'STACK'	 
_DATA  . . . . . . . . . . . . .	32 Bit	 0000001C DWord	  Public  'DATA'	
_TEXT  . . . . . . . . . . . . .	32 Bit	 0000000F DWord	  Public  'CODE'	


Procedures, parameters, and locals:

                N a m e                 Type     Value    Attr

ExitProcess  . . . . . . . . . .	P Near	 00000000 FLAT	Length= 00000000 External STDCALL
main . . . . . . . . . . . . . .	P Near	 00000000 _TEXT	Length= 0000000F Public STDCALL


Symbols:

                N a m e                 Type     Value    Attr

@CodeSize  . . . . . . . . . . .	Number	 00000000h   
@DataSize  . . . . . . . . . . .	Number	 00000000h   
@Interface . . . . . . . . . . .	Number	 00000003h   
@Model . . . . . . . . . . . . .	Number	 00000007h   
@code  . . . . . . . . . . . . .	Text   	 _TEXT
@data  . . . . . . . . . . . . .	Text   	 FLAT
@fardata?  . . . . . . . . . . .	Text   	 FLAT
@fardata . . . . . . . . . . . .	Text   	 FLAT
@stack . . . . . . . . . . . . .	Text   	 FLAT
byteVal  . . . . . . . . . . . .	Byte	 00000000 _DATA	
dwordVal . . . . . . . . . . . .	DWord	 0000000C _DATA	
wordVal  . . . . . . . . . . . .	Word	 00000004 _DATA	

	   0 Warnings
	   0 Errors
